[0.351s] DEBUG:colcon:Command line arguments: ['/usr/bin/colcon', 'build', '--packages-select', 'ms_robot']
[0.351s] DEBUG:colcon:Parsed command line arguments: Namespace(log_base=None, log_level=None, verb_name='build', build_base='build', install_base='install', merge_install=False, symlink_install=False, test_result_base=None, continue_on_error=False, executor='parallel', parallel_workers=8, event_handlers=None, ignore_user_meta=False, metas=['./colcon.meta'], base_paths=['.'], packages_ignore=None, packages_ignore_regex=None, paths=None, packages_up_to=None, packages_up_to_regex=None, packages_above=None, packages_above_and_dependencies=None, packages_above_depth=None, packages_select_by_dep=None, packages_skip_by_dep=None, packages_skip_up_to=None, packages_select_build_failed=False, packages_skip_build_finished=False, packages_select_test_failures=False, packages_skip_test_passed=False, packages_select=['ms_robot'], packages_skip=None, packages_select_regex=None, packages_skip_regex=None, packages_start=None, packages_end=None, allow_overriding=[], cmake_args=None, cmake_target=None, cmake_target_skip_unavailable=False, cmake_clean_cache=False, cmake_clean_first=False, cmake_force_configure=False, ament_cmake_args=None, catkin_cmake_args=None, catkin_skip_building_tests=False, mixin_files=None, mixin=None, verb_parser=<colcon_mixin.mixin.mixin_argument.MixinArgumentDecorator object at 0xffff80e08460>, verb_extension=<colcon_core.verb.build.BuildVerb object at 0xffff80dcff70>, main=<bound method BuildVerb.main of <colcon_core.verb.build.BuildVerb object at 0xffff80dcff70>>, mixin_verb=('build',))
[0.758s] Level 1:colcon.colcon_core.package_discovery:discover_packages(colcon_meta) check parameters
[0.758s] Level 1:colcon.colcon_core.package_discovery:discover_packages(recursive) check parameters
[0.758s] Level 1:colcon.colcon_core.package_discovery:discover_packages(ignore) check parameters
[0.758s] Level 1:colcon.colcon_core.package_discovery:discover_packages(path) check parameters
[0.758s] Level 1:colcon.colcon_core.package_discovery:discover_packages(colcon_meta) discover
[0.758s] Level 1:colcon.colcon_core.package_discovery:discover_packages(recursive) discover
[0.759s] INFO:colcon.colcon_core.package_discovery:Crawling recursively for packages in '/home/student/MovingSignage/ros2_packages'
[0.759s] Level 1:colcon.colcon_core.package_identification:_identify(.) by extensions ['ignore', 'ignore_ament_install']
[0.759s] Level 1:colcon.colcon_core.package_identification:_identify(.) by extension 'ignore'
[0.759s] Level 1:colcon.colcon_core.package_identification:_identify(.) by extension 'ignore_ament_install'
[0.759s] Level 1:colcon.colcon_core.package_identification:_identify(.) by extensions ['colcon_pkg']
[0.759s] Level 1:colcon.colcon_core.package_identification:_identify(.) by extension 'colcon_pkg'
[0.759s] Level 1:colcon.colcon_core.package_identification:_identify(.) by extensions ['colcon_meta']
[0.759s] Level 1:colcon.colcon_core.package_identification:_identify(.) by extension 'colcon_meta'
[0.759s] Level 1:colcon.colcon_core.package_identification:_identify(.) by extensions ['ros']
[0.759s] Level 1:colcon.colcon_core.package_identification:_identify(.) by extension 'ros'
[0.779s] Level 1:colcon.colcon_core.package_identification:_identify(.) by extensions ['cmake', 'python']
[0.779s] Level 1:colcon.colcon_core.package_identification:_identify(.) by extension 'cmake'
[0.779s] Level 1:colcon.colcon_core.package_identification:_identify(.) by extension 'python'
[0.779s] Level 1:colcon.colcon_core.package_identification:_identify(.) by extensions ['python_setup_py']
[0.779s] Level 1:colcon.colcon_core.package_identification:_identify(.) by extension 'python_setup_py'
[0.780s] Level 1:colcon.colcon_core.package_identification:_identify(build) by extensions ['ignore', 'ignore_ament_install']
[0.780s] Level 1:colcon.colcon_core.package_identification:_identify(build) by extension 'ignore'
[0.780s] Level 1:colcon.colcon_core.package_identification:_identify(build) ignored
[0.780s] Level 1:colcon.colcon_core.package_identification:_identify(install) by extensions ['ignore', 'ignore_ament_install']
[0.780s] Level 1:colcon.colcon_core.package_identification:_identify(install) by extension 'ignore'
[0.781s] Level 1:colcon.colcon_core.package_identification:_identify(install) ignored
[0.781s] Level 1:colcon.colcon_core.package_identification:_identify(log) by extensions ['ignore', 'ignore_ament_install']
[0.781s] Level 1:colcon.colcon_core.package_identification:_identify(log) by extension 'ignore'
[0.781s] Level 1:colcon.colcon_core.package_identification:_identify(log) ignored
[0.781s] Level 1:colcon.colcon_core.package_identification:_identify(ms_launch) by extensions ['ignore', 'ignore_ament_install']
[0.781s] Level 1:colcon.colcon_core.package_identification:_identify(ms_launch) by extension 'ignore'
[0.781s] Level 1:colcon.colcon_core.package_identification:_identify(ms_launch) by extension 'ignore_ament_install'
[0.782s] Level 1:colcon.colcon_core.package_identification:_identify(ms_launch) by extensions ['colcon_pkg']
[0.782s] Level 1:colcon.colcon_core.package_identification:_identify(ms_launch) by extension 'colcon_pkg'
[0.782s] Level 1:colcon.colcon_core.package_identification:_identify(ms_launch) by extensions ['colcon_meta']
[0.782s] Level 1:colcon.colcon_core.package_identification:_identify(ms_launch) by extension 'colcon_meta'
[0.782s] Level 1:colcon.colcon_core.package_identification:_identify(ms_launch) by extensions ['ros']
[0.782s] Level 1:colcon.colcon_core.package_identification:_identify(ms_launch) by extension 'ros'
[0.787s] DEBUG:colcon.colcon_core.package_identification:Package 'ms_launch' with type 'ros.ament_python' and name 'ms_launch'
[0.787s] Level 1:colcon.colcon_core.package_identification:_identify(ms_robot) by extensions ['ignore', 'ignore_ament_install']
[0.788s] Level 1:colcon.colcon_core.package_identification:_identify(ms_robot) by extension 'ignore'
[0.788s] Level 1:colcon.colcon_core.package_identification:_identify(ms_robot) by extension 'ignore_ament_install'
[0.788s] Level 1:colcon.colcon_core.package_identification:_identify(ms_robot) by extensions ['colcon_pkg']
[0.788s] Level 1:colcon.colcon_core.package_identification:_identify(ms_robot) by extension 'colcon_pkg'
[0.788s] Level 1:colcon.colcon_core.package_identification:_identify(ms_robot) by extensions ['colcon_meta']
[0.788s] Level 1:colcon.colcon_core.package_identification:_identify(ms_robot) by extension 'colcon_meta'
[0.788s] Level 1:colcon.colcon_core.package_identification:_identify(ms_robot) by extensions ['ros']
[0.788s] Level 1:colcon.colcon_core.package_identification:_identify(ms_robot) by extension 'ros'
[0.790s] DEBUG:colcon.colcon_core.package_identification:Package 'ms_robot' with type 'ros.ament_python' and name 'ms_robot'
[0.790s] Level 1:colcon.colcon_core.package_identification:_identify(ms_yolo) by extensions ['ignore', 'ignore_ament_install']
[0.790s] Level 1:colcon.colcon_core.package_identification:_identify(ms_yolo) by extension 'ignore'
[0.790s] Level 1:colcon.colcon_core.package_identification:_identify(ms_yolo) by extension 'ignore_ament_install'
[0.790s] Level 1:colcon.colcon_core.package_identification:_identify(ms_yolo) by extensions ['colcon_pkg']
[0.790s] Level 1:colcon.colcon_core.package_identification:_identify(ms_yolo) by extension 'colcon_pkg'
[0.790s] Level 1:colcon.colcon_core.package_identification:_identify(ms_yolo) by extensions ['colcon_meta']
[0.790s] Level 1:colcon.colcon_core.package_identification:_identify(ms_yolo) by extension 'colcon_meta'
[0.791s] Level 1:colcon.colcon_core.package_identification:_identify(ms_yolo) by extensions ['ros']
[0.791s] Level 1:colcon.colcon_core.package_identification:_identify(ms_yolo) by extension 'ros'
[0.791s] Level 1:colcon.colcon_core.package_identification:_identify(ms_yolo) by extensions ['cmake', 'python']
[0.791s] Level 1:colcon.colcon_core.package_identification:_identify(ms_yolo) by extension 'cmake'
[0.791s] Level 1:colcon.colcon_core.package_identification:_identify(ms_yolo) by extension 'python'
[0.791s] Level 1:colcon.colcon_core.package_identification:_identify(ms_yolo) by extensions ['python_setup_py']
[0.791s] Level 1:colcon.colcon_core.package_identification:_identify(ms_yolo) by extension 'python_setup_py'
[0.791s] Level 1:colcon.colcon_core.package_identification:_identify(ms_yolo/ms_yolo) by extensions ['ignore', 'ignore_ament_install']
[0.791s] Level 1:colcon.colcon_core.package_identification:_identify(ms_yolo/ms_yolo) by extension 'ignore'
[0.791s] Level 1:colcon.colcon_core.package_identification:_identify(ms_yolo/ms_yolo) by extension 'ignore_ament_install'
[0.792s] Level 1:colcon.colcon_core.package_identification:_identify(ms_yolo/ms_yolo) by extensions ['colcon_pkg']
[0.792s] Level 1:colcon.colcon_core.package_identification:_identify(ms_yolo/ms_yolo) by extension 'colcon_pkg'
[0.792s] Level 1:colcon.colcon_core.package_identification:_identify(ms_yolo/ms_yolo) by extensions ['colcon_meta']
[0.792s] Level 1:colcon.colcon_core.package_identification:_identify(ms_yolo/ms_yolo) by extension 'colcon_meta'
[0.792s] Level 1:colcon.colcon_core.package_identification:_identify(ms_yolo/ms_yolo) by extensions ['ros']
[0.792s] Level 1:colcon.colcon_core.package_identification:_identify(ms_yolo/ms_yolo) by extension 'ros'
[0.793s] DEBUG:colcon.colcon_core.package_identification:Package 'ms_yolo/ms_yolo' with type 'ros.ament_python' and name 'ms_yolo'
[0.793s] Level 1:colcon.colcon_core.package_identification:_identify(ms_yolo/ms_yolo_msg) by extensions ['ignore', 'ignore_ament_install']
[0.793s] Level 1:colcon.colcon_core.package_identification:_identify(ms_yolo/ms_yolo_msg) by extension 'ignore'
[0.793s] Level 1:colcon.colcon_core.package_identification:_identify(ms_yolo/ms_yolo_msg) by extension 'ignore_ament_install'
[0.794s] Level 1:colcon.colcon_core.package_identification:_identify(ms_yolo/ms_yolo_msg) by extensions ['colcon_pkg']
[0.794s] Level 1:colcon.colcon_core.package_identification:_identify(ms_yolo/ms_yolo_msg) by extension 'colcon_pkg'
[0.794s] Level 1:colcon.colcon_core.package_identification:_identify(ms_yolo/ms_yolo_msg) by extensions ['colcon_meta']
[0.794s] Level 1:colcon.colcon_core.package_identification:_identify(ms_yolo/ms_yolo_msg) by extension 'colcon_meta'
[0.794s] Level 1:colcon.colcon_core.package_identification:_identify(ms_yolo/ms_yolo_msg) by extensions ['ros']
[0.794s] Level 1:colcon.colcon_core.package_identification:_identify(ms_yolo/ms_yolo_msg) by extension 'ros'
[0.795s] DEBUG:colcon.colcon_core.package_identification:Package 'ms_yolo/ms_yolo_msg' with type 'ros.ament_cmake' and name 'ms_yolo_msg'
[0.795s] Level 1:colcon.colcon_core.package_discovery:discover_packages(recursive) using defaults
[0.795s] Level 1:colcon.colcon_core.package_discovery:discover_packages(ignore) discover
[0.795s] Level 1:colcon.colcon_core.package_discovery:discover_packages(ignore) using defaults
[0.795s] Level 1:colcon.colcon_core.package_discovery:discover_packages(path) discover
[0.796s] Level 1:colcon.colcon_core.package_discovery:discover_packages(path) using defaults
[0.863s] INFO:colcon.colcon_core.package_selection:Skipping not selected package 'ms_launch' in 'ms_launch'
[0.863s] INFO:colcon.colcon_core.package_selection:Skipping not selected package 'ms_yolo' in 'ms_yolo/ms_yolo'
[0.863s] INFO:colcon.colcon_core.package_selection:Skipping not selected package 'ms_yolo_msg' in 'ms_yolo/ms_yolo_msg'
[0.864s] Level 1:colcon.colcon_core.package_discovery:discover_packages(prefix_path) check parameters
[0.864s] Level 1:colcon.colcon_core.package_discovery:discover_packages(prefix_path) discover
[0.871s] DEBUG:colcon.colcon_installed_package_information.package_discovery:Found 4 installed packages in /home/student/MovingSignage/install
[0.871s] DEBUG:colcon.colcon_installed_package_information.package_discovery:Found 1 installed packages in /home/student/rover_test/install
[0.872s] DEBUG:colcon.colcon_installed_package_information.package_discovery:Found 4 installed packages in /home/student/Gesture_robot/install
[0.873s] DEBUG:colcon.colcon_installed_package_information.package_discovery:Found 5 installed packages in /home/student/rover_ws/install
[0.874s] DEBUG:colcon.colcon_installed_package_information.package_discovery:Found 3 installed packages in /home/student/uros_ws/install
[0.875s] DEBUG:colcon.colcon_installed_package_information.package_discovery:Found 1 installed packages in /home/student/lidar_ws/install
[0.875s] DEBUG:colcon.colcon_installed_package_information.package_discovery:Found 1 installed packages in /home/student/install
[0.878s] DEBUG:colcon.colcon_installed_package_information.package_discovery:Found 283 installed packages in /opt/ros/humble
[0.880s] Level 1:colcon.colcon_core.package_discovery:discover_packages(prefix_path) using defaults
[0.965s] Level 5:colcon.colcon_core.verb:set package 'ms_robot' build argument 'cmake_args' from command line to 'None'
[0.966s] Level 5:colcon.colcon_core.verb:set package 'ms_robot' build argument 'cmake_target' from command line to 'None'
[0.966s] Level 5:colcon.colcon_core.verb:set package 'ms_robot' build argument 'cmake_target_skip_unavailable' from command line to 'False'
[0.966s] Level 5:colcon.colcon_core.verb:set package 'ms_robot' build argument 'cmake_clean_cache' from command line to 'False'
[0.966s] Level 5:colcon.colcon_core.verb:set package 'ms_robot' build argument 'cmake_clean_first' from command line to 'False'
[0.966s] Level 5:colcon.colcon_core.verb:set package 'ms_robot' build argument 'cmake_force_configure' from command line to 'False'
[0.966s] Level 5:colcon.colcon_core.verb:set package 'ms_robot' build argument 'ament_cmake_args' from command line to 'None'
[0.966s] Level 5:colcon.colcon_core.verb:set package 'ms_robot' build argument 'catkin_cmake_args' from command line to 'None'
[0.966s] Level 5:colcon.colcon_core.verb:set package 'ms_robot' build argument 'catkin_skip_building_tests' from command line to 'False'
[0.966s] DEBUG:colcon.colcon_core.verb:Building package 'ms_robot' with the following arguments: {'ament_cmake_args': None, 'build_base': '/home/student/MovingSignage/ros2_packages/build/ms_robot', 'catkin_cmake_args': None, 'catkin_skip_building_tests': False, 'cmake_args': None, 'cmake_clean_cache': False, 'cmake_clean_first': False, 'cmake_force_configure': False, 'cmake_target': None, 'cmake_target_skip_unavailable': False, 'install_base': '/home/student/MovingSignage/ros2_packages/install/ms_robot', 'merge_install': False, 'path': '/home/student/MovingSignage/ros2_packages/ms_robot', 'symlink_install': False, 'test_result_base': None}
[0.966s] INFO:colcon.colcon_core.executor:Executing jobs using 'parallel' executor
[0.968s] DEBUG:colcon.colcon_parallel_executor.executor.parallel:run_until_complete
[0.968s] INFO:colcon.colcon_ros.task.ament_python.build:Building ROS package in '/home/student/MovingSignage/ros2_packages/ms_robot' with build type 'ament_python'
[0.969s] Level 1:colcon.colcon_core.shell:create_environment_hook('ms_robot', 'ament_prefix_path')
[0.975s] INFO:colcon.colcon_core.plugin_system:Skipping extension 'colcon_core.shell.bat': Not used on non-Windows systems
[0.975s] INFO:colcon.colcon_core.shell:Creating environment hook '/home/student/MovingSignage/ros2_packages/install/ms_robot/share/ms_robot/hook/ament_prefix_path.ps1'
[0.977s] INFO:colcon.colcon_core.shell:Creating environment descriptor '/home/student/MovingSignage/ros2_packages/install/ms_robot/share/ms_robot/hook/ament_prefix_path.dsv'
[0.978s] INFO:colcon.colcon_core.shell:Creating environment hook '/home/student/MovingSignage/ros2_packages/install/ms_robot/share/ms_robot/hook/ament_prefix_path.sh'
[0.980s] INFO:colcon.colcon_core.shell:Skip shell extension 'powershell' for command environment: Not usable outside of PowerShell
[0.980s] DEBUG:colcon.colcon_core.shell:Skip shell extension 'dsv' for command environment
[1.516s] INFO:colcon.colcon_core.task.python.build:Building Python package in '/home/student/MovingSignage/ros2_packages/ms_robot'
[1.517s] INFO:colcon.colcon_core.shell:Skip shell extension 'powershell' for command environment: Not usable outside of PowerShell
[1.517s] DEBUG:colcon.colcon_core.shell:Skip shell extension 'dsv' for command environment
[2.302s] DEBUG:colcon.colcon_core.task.python.build:Available setuptools commands: rotate, saveopts, symlink_data, check, upload_docs, install_lib, bdist_wheel, install_scripts, egg_info, bdist_dumb, bdist_egg, build_py, install_data, install, test, build_clib, dist_info, easy_install, build_scripts, bdist, develop, setopt, install_headers, alias, clean, install_egg_info, sdist, upload, register, bdist_rpm, build_ext, build
[2.307s] DEBUG:colcon.colcon_core.event_handler.log_command:Invoking command in '/home/student/MovingSignage/ros2_packages/ms_robot': PYTHONPATH=/home/student/MovingSignage/ros2_packages/build/ms_robot/prefix_override:/usr/lib/python3/dist-packages/colcon_core/task/python/colcon_distutils_commands:/home/student/MovingSignage/ros2_packages/install/ms_robot/lib/python3.10/site-packages:${PYTHONPATH} /usr/bin/python3 -W ignore:setup.py install is deprecated -W ignore:easy_install command is deprecated setup.py egg_info --egg-base ../build/ms_robot build --build-base /home/student/MovingSignage/ros2_packages/build/ms_robot/build install --record /home/student/MovingSignage/ros2_packages/build/ms_robot/install.log --install-scripts $base/lib/ms_robot --single-version-externally-managed install_data
[2.926s] DEBUG:colcon.colcon_core.event_handler.log_command:Invoked command in '/home/student/MovingSignage/ros2_packages/ms_robot' returned '0': PYTHONPATH=/home/student/MovingSignage/ros2_packages/build/ms_robot/prefix_override:/usr/lib/python3/dist-packages/colcon_core/task/python/colcon_distutils_commands:/home/student/MovingSignage/ros2_packages/install/ms_robot/lib/python3.10/site-packages:${PYTHONPATH} /usr/bin/python3 -W ignore:setup.py install is deprecated -W ignore:easy_install command is deprecated setup.py egg_info --egg-base ../build/ms_robot build --build-base /home/student/MovingSignage/ros2_packages/build/ms_robot/build install --record /home/student/MovingSignage/ros2_packages/build/ms_robot/install.log --install-scripts $base/lib/ms_robot --single-version-externally-managed install_data
[2.943s] Level 1:colcon.colcon_core.environment:checking '/home/student/MovingSignage/ros2_packages/install/ms_robot' for CMake module files
[2.944s] Level 1:colcon.colcon_core.environment:checking '/home/student/MovingSignage/ros2_packages/install/ms_robot' for CMake config files
[2.945s] Level 1:colcon.colcon_core.environment:checking '/home/student/MovingSignage/ros2_packages/install/ms_robot/lib'
[2.945s] Level 1:colcon.colcon_core.environment:checking '/home/student/MovingSignage/ros2_packages/install/ms_robot/bin'
[2.945s] Level 1:colcon.colcon_core.environment:checking '/home/student/MovingSignage/ros2_packages/install/ms_robot/lib/pkgconfig/ms_robot.pc'
[2.946s] Level 1:colcon.colcon_core.environment:checking '/home/student/MovingSignage/ros2_packages/install/ms_robot/lib/python3.10/site-packages'
[2.946s] Level 1:colcon.colcon_core.shell:create_environment_hook('ms_robot', 'pythonpath')
[2.946s] INFO:colcon.colcon_core.shell:Creating environment hook '/home/student/MovingSignage/ros2_packages/install/ms_robot/share/ms_robot/hook/pythonpath.ps1'
[2.947s] INFO:colcon.colcon_core.shell:Creating environment descriptor '/home/student/MovingSignage/ros2_packages/install/ms_robot/share/ms_robot/hook/pythonpath.dsv'
[2.948s] INFO:colcon.colcon_core.shell:Creating environment hook '/home/student/MovingSignage/ros2_packages/install/ms_robot/share/ms_robot/hook/pythonpath.sh'
[2.951s] Level 1:colcon.colcon_core.environment:checking '/home/student/MovingSignage/ros2_packages/install/ms_robot/bin'
[2.951s] Level 1:colcon.colcon_core.environment:create_environment_scripts_only(ms_robot)
[2.952s] INFO:colcon.colcon_core.shell:Creating package script '/home/student/MovingSignage/ros2_packages/install/ms_robot/share/ms_robot/package.ps1'
[2.957s] INFO:colcon.colcon_core.shell:Creating package descriptor '/home/student/MovingSignage/ros2_packages/install/ms_robot/share/ms_robot/package.dsv'
[2.959s] INFO:colcon.colcon_core.shell:Creating package script '/home/student/MovingSignage/ros2_packages/install/ms_robot/share/ms_robot/package.sh'
[2.962s] INFO:colcon.colcon_core.shell:Creating package script '/home/student/MovingSignage/ros2_packages/install/ms_robot/share/ms_robot/package.bash'
[2.965s] INFO:colcon.colcon_core.shell:Creating package script '/home/student/MovingSignage/ros2_packages/install/ms_robot/share/ms_robot/package.zsh'
[2.968s] Level 1:colcon.colcon_core.environment:create_file_with_runtime_dependencies(/home/student/MovingSignage/ros2_packages/install/ms_robot/share/colcon-core/packages/ms_robot)
[2.969s] DEBUG:colcon.colcon_parallel_executor.executor.parallel:closing loop
[2.970s] DEBUG:colcon.colcon_parallel_executor.executor.parallel:loop closed
[2.970s] DEBUG:colcon.colcon_parallel_executor.executor.parallel:run_until_complete finished with '0'
[2.971s] DEBUG:colcon.colcon_core.event_reactor:joining thread
[2.991s] INFO:colcon.colcon_core.plugin_system:Skipping extension 'colcon_notification.desktop_notification.terminal_notifier': Not used on non-Darwin systems
[2.991s] INFO:colcon.colcon_core.plugin_system:Skipping extension 'colcon_notification.desktop_notification.win32': Not used on non-Windows systems
[2.991s] INFO:colcon.colcon_notification.desktop_notification:Sending desktop notification using 'notify2'
[3.029s] DEBUG:colcon.colcon_core.event_reactor:joined thread
[3.030s] INFO:colcon.colcon_core.shell:Creating prefix script '/home/student/MovingSignage/ros2_packages/install/local_setup.ps1'
[3.034s] INFO:colcon.colcon_core.shell:Creating prefix util module '/home/student/MovingSignage/ros2_packages/install/_local_setup_util_ps1.py'
[3.040s] INFO:colcon.colcon_core.shell:Creating prefix chain script '/home/student/MovingSignage/ros2_packages/install/setup.ps1'
[3.048s] INFO:colcon.colcon_core.shell:Creating prefix script '/home/student/MovingSignage/ros2_packages/install/local_setup.sh'
[3.051s] INFO:colcon.colcon_core.shell:Creating prefix util module '/home/student/MovingSignage/ros2_packages/install/_local_setup_util_sh.py'
[3.053s] INFO:colcon.colcon_core.shell:Creating prefix chain script '/home/student/MovingSignage/ros2_packages/install/setup.sh'
[3.060s] INFO:colcon.colcon_core.shell:Creating prefix script '/home/student/MovingSignage/ros2_packages/install/local_setup.bash'
[3.062s] INFO:colcon.colcon_core.shell:Creating prefix chain script '/home/student/MovingSignage/ros2_packages/install/setup.bash'
[3.069s] INFO:colcon.colcon_core.shell:Creating prefix script '/home/student/MovingSignage/ros2_packages/install/local_setup.zsh'
[3.071s] INFO:colcon.colcon_core.shell:Creating prefix chain script '/home/student/MovingSignage/ros2_packages/install/setup.zsh'
