[0.211s] DEBUG:colcon:Command line arguments: ['/usr/bin/colcon', 'build', '--packages-select', 'ms_launch']
[0.211s] DEBUG:colcon:Parsed command line arguments: Namespace(log_base=None, log_level=None, verb_name='build', build_base='build', install_base='install', merge_install=False, symlink_install=False, test_result_base=None, continue_on_error=False, executor='parallel', parallel_workers=8, event_handlers=None, ignore_user_meta=False, metas=['./colcon.meta'], base_paths=['.'], packages_ignore=None, packages_ignore_regex=None, paths=None, packages_up_to=None, packages_up_to_regex=None, packages_above=None, packages_above_and_dependencies=None, packages_above_depth=None, packages_select_by_dep=None, packages_skip_by_dep=None, packages_skip_up_to=None, packages_select_build_failed=False, packages_skip_build_finished=False, packages_select_test_failures=False, packages_skip_test_passed=False, packages_select=['ms_launch'], packages_skip=None, packages_select_regex=None, packages_skip_regex=None, packages_start=None, packages_end=None, allow_overriding=[], cmake_args=None, cmake_target=None, cmake_target_skip_unavailable=False, cmake_clean_cache=False, cmake_clean_first=False, cmake_force_configure=False, ament_cmake_args=None, catkin_cmake_args=None, catkin_skip_building_tests=False, mixin_files=None, mixin=None, verb_parser=<colcon_mixin.mixin.mixin_argument.MixinArgumentDecorator object at 0xffff9741bca0>, verb_extension=<colcon_core.verb.build.BuildVerb object at 0xffff97648c40>, main=<bound method BuildVerb.main of <colcon_core.verb.build.BuildVerb object at 0xffff97648c40>>, mixin_verb=('build',))
[0.532s] Level 1:colcon.colcon_core.package_discovery:discover_packages(colcon_meta) check parameters
[0.532s] Level 1:colcon.colcon_core.package_discovery:discover_packages(recursive) check parameters
[0.532s] Level 1:colcon.colcon_core.package_discovery:discover_packages(ignore) check parameters
[0.532s] Level 1:colcon.colcon_core.package_discovery:discover_packages(path) check parameters
[0.532s] Level 1:colcon.colcon_core.package_discovery:discover_packages(colcon_meta) discover
[0.532s] Level 1:colcon.colcon_core.package_discovery:discover_packages(recursive) discover
[0.533s] INFO:colcon.colcon_core.package_discovery:Crawling recursively for packages in '/home/student/MovingSignage/ros2_packages'
[0.533s] Level 1:colcon.colcon_core.package_identification:_identify(.) by extensions ['ignore', 'ignore_ament_install']
[0.533s] Level 1:colcon.colcon_core.package_identification:_identify(.) by extension 'ignore'
[0.533s] Level 1:colcon.colcon_core.package_identification:_identify(.) by extension 'ignore_ament_install'
[0.533s] Level 1:colcon.colcon_core.package_identification:_identify(.) by extensions ['colcon_pkg']
[0.533s] Level 1:colcon.colcon_core.package_identification:_identify(.) by extension 'colcon_pkg'
[0.533s] Level 1:colcon.colcon_core.package_identification:_identify(.) by extensions ['colcon_meta']
[0.533s] Level 1:colcon.colcon_core.package_identification:_identify(.) by extension 'colcon_meta'
[0.534s] Level 1:colcon.colcon_core.package_identification:_identify(.) by extensions ['ros']
[0.534s] Level 1:colcon.colcon_core.package_identification:_identify(.) by extension 'ros'
[0.553s] Level 1:colcon.colcon_core.package_identification:_identify(.) by extensions ['cmake', 'python']
[0.553s] Level 1:colcon.colcon_core.package_identification:_identify(.) by extension 'cmake'
[0.553s] Level 1:colcon.colcon_core.package_identification:_identify(.) by extension 'python'
[0.553s] Level 1:colcon.colcon_core.package_identification:_identify(.) by extensions ['python_setup_py']
[0.553s] Level 1:colcon.colcon_core.package_identification:_identify(.) by extension 'python_setup_py'
[0.553s] Level 1:colcon.colcon_core.package_identification:_identify(build) by extensions ['ignore', 'ignore_ament_install']
[0.554s] Level 1:colcon.colcon_core.package_identification:_identify(build) by extension 'ignore'
[0.554s] Level 1:colcon.colcon_core.package_identification:_identify(build) ignored
[0.554s] Level 1:colcon.colcon_core.package_identification:_identify(install) by extensions ['ignore', 'ignore_ament_install']
[0.554s] Level 1:colcon.colcon_core.package_identification:_identify(install) by extension 'ignore'
[0.554s] Level 1:colcon.colcon_core.package_identification:_identify(install) ignored
[0.554s] Level 1:colcon.colcon_core.package_identification:_identify(log) by extensions ['ignore', 'ignore_ament_install']
[0.555s] Level 1:colcon.colcon_core.package_identification:_identify(log) by extension 'ignore'
[0.555s] Level 1:colcon.colcon_core.package_identification:_identify(log) ignored
[0.555s] Level 1:colcon.colcon_core.package_identification:_identify(ms_launch) by extensions ['ignore', 'ignore_ament_install']
[0.555s] Level 1:colcon.colcon_core.package_identification:_identify(ms_launch) by extension 'ignore'
[0.555s] Level 1:colcon.colcon_core.package_identification:_identify(ms_launch) by extension 'ignore_ament_install'
[0.555s] Level 1:colcon.colcon_core.package_identification:_identify(ms_launch) by extensions ['colcon_pkg']
[0.555s] Level 1:colcon.colcon_core.package_identification:_identify(ms_launch) by extension 'colcon_pkg'
[0.555s] Level 1:colcon.colcon_core.package_identification:_identify(ms_launch) by extensions ['colcon_meta']
[0.555s] Level 1:colcon.colcon_core.package_identification:_identify(ms_launch) by extension 'colcon_meta'
[0.556s] Level 1:colcon.colcon_core.package_identification:_identify(ms_launch) by extensions ['ros']
[0.556s] Level 1:colcon.colcon_core.package_identification:_identify(ms_launch) by extension 'ros'
[0.560s] DEBUG:colcon.colcon_core.package_identification:Package 'ms_launch' with type 'ros.ament_python' and name 'ms_launch'
[0.560s] Level 1:colcon.colcon_core.package_identification:_identify(ms_robot) by extensions ['ignore', 'ignore_ament_install']
[0.561s] Level 1:colcon.colcon_core.package_identification:_identify(ms_robot) by extension 'ignore'
[0.561s] Level 1:colcon.colcon_core.package_identification:_identify(ms_robot) by extension 'ignore_ament_install'
[0.561s] Level 1:colcon.colcon_core.package_identification:_identify(ms_robot) by extensions ['colcon_pkg']
[0.561s] Level 1:colcon.colcon_core.package_identification:_identify(ms_robot) by extension 'colcon_pkg'
[0.561s] Level 1:colcon.colcon_core.package_identification:_identify(ms_robot) by extensions ['colcon_meta']
[0.561s] Level 1:colcon.colcon_core.package_identification:_identify(ms_robot) by extension 'colcon_meta'
[0.561s] Level 1:colcon.colcon_core.package_identification:_identify(ms_robot) by extensions ['ros']
[0.561s] Level 1:colcon.colcon_core.package_identification:_identify(ms_robot) by extension 'ros'
[0.562s] DEBUG:colcon.colcon_core.package_identification:Package 'ms_robot' with type 'ros.ament_python' and name 'ms_robot'
[0.563s] Level 1:colcon.colcon_core.package_identification:_identify(ms_yolo) by extensions ['ignore', 'ignore_ament_install']
[0.563s] Level 1:colcon.colcon_core.package_identification:_identify(ms_yolo) by extension 'ignore'
[0.563s] Level 1:colcon.colcon_core.package_identification:_identify(ms_yolo) by extension 'ignore_ament_install'
[0.563s] Level 1:colcon.colcon_core.package_identification:_identify(ms_yolo) by extensions ['colcon_pkg']
[0.563s] Level 1:colcon.colcon_core.package_identification:_identify(ms_yolo) by extension 'colcon_pkg'
[0.563s] Level 1:colcon.colcon_core.package_identification:_identify(ms_yolo) by extensions ['colcon_meta']
[0.563s] Level 1:colcon.colcon_core.package_identification:_identify(ms_yolo) by extension 'colcon_meta'
[0.563s] Level 1:colcon.colcon_core.package_identification:_identify(ms_yolo) by extensions ['ros']
[0.563s] Level 1:colcon.colcon_core.package_identification:_identify(ms_yolo) by extension 'ros'
[0.564s] Level 1:colcon.colcon_core.package_identification:_identify(ms_yolo) by extensions ['cmake', 'python']
[0.564s] Level 1:colcon.colcon_core.package_identification:_identify(ms_yolo) by extension 'cmake'
[0.564s] Level 1:colcon.colcon_core.package_identification:_identify(ms_yolo) by extension 'python'
[0.564s] Level 1:colcon.colcon_core.package_identification:_identify(ms_yolo) by extensions ['python_setup_py']
[0.564s] Level 1:colcon.colcon_core.package_identification:_identify(ms_yolo) by extension 'python_setup_py'
[0.564s] Level 1:colcon.colcon_core.package_identification:_identify(ms_yolo/ms_yolo) by extensions ['ignore', 'ignore_ament_install']
[0.564s] Level 1:colcon.colcon_core.package_identification:_identify(ms_yolo/ms_yolo) by extension 'ignore'
[0.564s] Level 1:colcon.colcon_core.package_identification:_identify(ms_yolo/ms_yolo) by extension 'ignore_ament_install'
[0.564s] Level 1:colcon.colcon_core.package_identification:_identify(ms_yolo/ms_yolo) by extensions ['colcon_pkg']
[0.565s] Level 1:colcon.colcon_core.package_identification:_identify(ms_yolo/ms_yolo) by extension 'colcon_pkg'
[0.565s] Level 1:colcon.colcon_core.package_identification:_identify(ms_yolo/ms_yolo) by extensions ['colcon_meta']
[0.565s] Level 1:colcon.colcon_core.package_identification:_identify(ms_yolo/ms_yolo) by extension 'colcon_meta'
[0.565s] Level 1:colcon.colcon_core.package_identification:_identify(ms_yolo/ms_yolo) by extensions ['ros']
[0.565s] Level 1:colcon.colcon_core.package_identification:_identify(ms_yolo/ms_yolo) by extension 'ros'
[0.566s] DEBUG:colcon.colcon_core.package_identification:Package 'ms_yolo/ms_yolo' with type 'ros.ament_python' and name 'ms_yolo'
[0.566s] Level 1:colcon.colcon_core.package_identification:_identify(ms_yolo/ms_yolo_msg) by extensions ['ignore', 'ignore_ament_install']
[0.566s] Level 1:colcon.colcon_core.package_identification:_identify(ms_yolo/ms_yolo_msg) by extension 'ignore'
[0.566s] Level 1:colcon.colcon_core.package_identification:_identify(ms_yolo/ms_yolo_msg) by extension 'ignore_ament_install'
[0.566s] Level 1:colcon.colcon_core.package_identification:_identify(ms_yolo/ms_yolo_msg) by extensions ['colcon_pkg']
[0.566s] Level 1:colcon.colcon_core.package_identification:_identify(ms_yolo/ms_yolo_msg) by extension 'colcon_pkg'
[0.566s] Level 1:colcon.colcon_core.package_identification:_identify(ms_yolo/ms_yolo_msg) by extensions ['colcon_meta']
[0.566s] Level 1:colcon.colcon_core.package_identification:_identify(ms_yolo/ms_yolo_msg) by extension 'colcon_meta'
[0.567s] Level 1:colcon.colcon_core.package_identification:_identify(ms_yolo/ms_yolo_msg) by extensions ['ros']
[0.567s] Level 1:colcon.colcon_core.package_identification:_identify(ms_yolo/ms_yolo_msg) by extension 'ros'
[0.568s] DEBUG:colcon.colcon_core.package_identification:Package 'ms_yolo/ms_yolo_msg' with type 'ros.ament_cmake' and name 'ms_yolo_msg'
[0.568s] Level 1:colcon.colcon_core.package_discovery:discover_packages(recursive) using defaults
[0.568s] Level 1:colcon.colcon_core.package_discovery:discover_packages(ignore) discover
[0.568s] Level 1:colcon.colcon_core.package_discovery:discover_packages(ignore) using defaults
[0.568s] Level 1:colcon.colcon_core.package_discovery:discover_packages(path) discover
[0.568s] Level 1:colcon.colcon_core.package_discovery:discover_packages(path) using defaults
[0.627s] INFO:colcon.colcon_core.package_selection:Skipping not selected package 'ms_robot' in 'ms_robot'
[0.627s] INFO:colcon.colcon_core.package_selection:Skipping not selected package 'ms_yolo' in 'ms_yolo/ms_yolo'
[0.627s] INFO:colcon.colcon_core.package_selection:Skipping not selected package 'ms_yolo_msg' in 'ms_yolo/ms_yolo_msg'
[0.628s] Level 1:colcon.colcon_core.package_discovery:discover_packages(prefix_path) check parameters
[0.628s] Level 1:colcon.colcon_core.package_discovery:discover_packages(prefix_path) discover
[0.632s] DEBUG:colcon.colcon_installed_package_information.package_discovery:Found 1 installed packages in /home/student/MovingSignage/ros2_packages/install
[0.633s] DEBUG:colcon.colcon_installed_package_information.package_discovery:Found 1 installed packages in /home/student/rover_test/install
[0.634s] DEBUG:colcon.colcon_installed_package_information.package_discovery:Found 4 installed packages in /home/student/Gesture_robot/install
[0.635s] DEBUG:colcon.colcon_installed_package_information.package_discovery:Found 4 installed packages in /home/student/MovingSignage/install
[0.636s] DEBUG:colcon.colcon_installed_package_information.package_discovery:Found 5 installed packages in /home/student/rover_ws/install
[0.637s] DEBUG:colcon.colcon_installed_package_information.package_discovery:Found 3 installed packages in /home/student/uros_ws/install
[0.637s] DEBUG:colcon.colcon_installed_package_information.package_discovery:Found 1 installed packages in /home/student/lidar_ws/install
[0.638s] DEBUG:colcon.colcon_installed_package_information.package_discovery:Found 1 installed packages in /home/student/install
[0.640s] DEBUG:colcon.colcon_installed_package_information.package_discovery:Found 273 installed packages in /opt/ros/humble
[0.642s] Level 1:colcon.colcon_core.package_discovery:discover_packages(prefix_path) using defaults
[0.711s] Level 5:colcon.colcon_core.verb:set package 'ms_launch' build argument 'cmake_args' from command line to 'None'
[0.712s] Level 5:colcon.colcon_core.verb:set package 'ms_launch' build argument 'cmake_target' from command line to 'None'
[0.712s] Level 5:colcon.colcon_core.verb:set package 'ms_launch' build argument 'cmake_target_skip_unavailable' from command line to 'False'
[0.712s] Level 5:colcon.colcon_core.verb:set package 'ms_launch' build argument 'cmake_clean_cache' from command line to 'False'
[0.712s] Level 5:colcon.colcon_core.verb:set package 'ms_launch' build argument 'cmake_clean_first' from command line to 'False'
[0.712s] Level 5:colcon.colcon_core.verb:set package 'ms_launch' build argument 'cmake_force_configure' from command line to 'False'
[0.712s] Level 5:colcon.colcon_core.verb:set package 'ms_launch' build argument 'ament_cmake_args' from command line to 'None'
[0.712s] Level 5:colcon.colcon_core.verb:set package 'ms_launch' build argument 'catkin_cmake_args' from command line to 'None'
[0.712s] Level 5:colcon.colcon_core.verb:set package 'ms_launch' build argument 'catkin_skip_building_tests' from command line to 'False'
[0.712s] DEBUG:colcon.colcon_core.verb:Building package 'ms_launch' with the following arguments: {'ament_cmake_args': None, 'build_base': '/home/student/MovingSignage/ros2_packages/build/ms_launch', 'catkin_cmake_args': None, 'catkin_skip_building_tests': False, 'cmake_args': None, 'cmake_clean_cache': False, 'cmake_clean_first': False, 'cmake_force_configure': False, 'cmake_target': None, 'cmake_target_skip_unavailable': False, 'install_base': '/home/student/MovingSignage/ros2_packages/install/ms_launch', 'merge_install': False, 'path': '/home/student/MovingSignage/ros2_packages/ms_launch', 'symlink_install': False, 'test_result_base': None}
[0.712s] INFO:colcon.colcon_core.executor:Executing jobs using 'parallel' executor
[0.714s] DEBUG:colcon.colcon_parallel_executor.executor.parallel:run_until_complete
[0.715s] INFO:colcon.colcon_ros.task.ament_python.build:Building ROS package in '/home/student/MovingSignage/ros2_packages/ms_launch' with build type 'ament_python'
[0.715s] Level 1:colcon.colcon_core.shell:create_environment_hook('ms_launch', 'ament_prefix_path')
[0.719s] INFO:colcon.colcon_core.plugin_system:Skipping extension 'colcon_core.shell.bat': Not used on non-Windows systems
[0.719s] INFO:colcon.colcon_core.shell:Creating environment hook '/home/student/MovingSignage/ros2_packages/install/ms_launch/share/ms_launch/hook/ament_prefix_path.ps1'
[0.720s] INFO:colcon.colcon_core.shell:Creating environment descriptor '/home/student/MovingSignage/ros2_packages/install/ms_launch/share/ms_launch/hook/ament_prefix_path.dsv'
[0.721s] INFO:colcon.colcon_core.shell:Creating environment hook '/home/student/MovingSignage/ros2_packages/install/ms_launch/share/ms_launch/hook/ament_prefix_path.sh'
[0.723s] INFO:colcon.colcon_core.shell:Skip shell extension 'powershell' for command environment: Not usable outside of PowerShell
[0.723s] DEBUG:colcon.colcon_core.shell:Skip shell extension 'dsv' for command environment
[1.214s] INFO:colcon.colcon_core.task.python.build:Building Python package in '/home/student/MovingSignage/ros2_packages/ms_launch'
[1.215s] INFO:colcon.colcon_core.shell:Skip shell extension 'powershell' for command environment: Not usable outside of PowerShell
[1.215s] DEBUG:colcon.colcon_core.shell:Skip shell extension 'dsv' for command environment
[1.940s] DEBUG:colcon.colcon_core.event_handler.log_command:Invoking command in '/home/student/MovingSignage/ros2_packages/ms_launch': PYTHONPATH=/home/student/MovingSignage/ros2_packages/build/ms_launch/prefix_override:/usr/lib/python3/dist-packages/colcon_core/task/python/colcon_distutils_commands:/home/student/MovingSignage/ros2_packages/install/ms_launch/lib/python3.10/site-packages:${PYTHONPATH} /usr/bin/python3 -W ignore:setup.py install is deprecated -W ignore:easy_install command is deprecated setup.py egg_info --egg-base ../build/ms_launch build --build-base /home/student/MovingSignage/ros2_packages/build/ms_launch/build install --record /home/student/MovingSignage/ros2_packages/build/ms_launch/install.log --single-version-externally-managed install_data
[2.512s] DEBUG:colcon.colcon_core.event_handler.log_command:Invoked command in '/home/student/MovingSignage/ros2_packages/ms_launch' returned '0': PYTHONPATH=/home/student/MovingSignage/ros2_packages/build/ms_launch/prefix_override:/usr/lib/python3/dist-packages/colcon_core/task/python/colcon_distutils_commands:/home/student/MovingSignage/ros2_packages/install/ms_launch/lib/python3.10/site-packages:${PYTHONPATH} /usr/bin/python3 -W ignore:setup.py install is deprecated -W ignore:easy_install command is deprecated setup.py egg_info --egg-base ../build/ms_launch build --build-base /home/student/MovingSignage/ros2_packages/build/ms_launch/build install --record /home/student/MovingSignage/ros2_packages/build/ms_launch/install.log --single-version-externally-managed install_data
[2.521s] Level 1:colcon.colcon_core.environment:checking '/home/student/MovingSignage/ros2_packages/install/ms_launch' for CMake module files
[2.522s] Level 1:colcon.colcon_core.environment:checking '/home/student/MovingSignage/ros2_packages/install/ms_launch' for CMake config files
[2.525s] Level 1:colcon.colcon_core.environment:checking '/home/student/MovingSignage/ros2_packages/install/ms_launch/lib'
[2.526s] Level 1:colcon.colcon_core.environment:checking '/home/student/MovingSignage/ros2_packages/install/ms_launch/bin'
[2.526s] Level 1:colcon.colcon_core.environment:checking '/home/student/MovingSignage/ros2_packages/install/ms_launch/lib/pkgconfig/ms_launch.pc'
[2.527s] Level 1:colcon.colcon_core.environment:checking '/home/student/MovingSignage/ros2_packages/install/ms_launch/lib/python3.10/site-packages'
[2.527s] Level 1:colcon.colcon_core.shell:create_environment_hook('ms_launch', 'pythonpath')
[2.528s] INFO:colcon.colcon_core.shell:Creating environment hook '/home/student/MovingSignage/ros2_packages/install/ms_launch/share/ms_launch/hook/pythonpath.ps1'
[2.530s] INFO:colcon.colcon_core.shell:Creating environment descriptor '/home/student/MovingSignage/ros2_packages/install/ms_launch/share/ms_launch/hook/pythonpath.dsv'
[2.531s] INFO:colcon.colcon_core.shell:Creating environment hook '/home/student/MovingSignage/ros2_packages/install/ms_launch/share/ms_launch/hook/pythonpath.sh'
[2.534s] Level 1:colcon.colcon_core.environment:checking '/home/student/MovingSignage/ros2_packages/install/ms_launch/bin'
[2.534s] Level 1:colcon.colcon_core.environment:create_environment_scripts_only(ms_launch)
[2.535s] INFO:colcon.colcon_core.shell:Creating package script '/home/student/MovingSignage/ros2_packages/install/ms_launch/share/ms_launch/package.ps1'
[2.540s] INFO:colcon.colcon_core.shell:Creating package descriptor '/home/student/MovingSignage/ros2_packages/install/ms_launch/share/ms_launch/package.dsv'
[2.542s] INFO:colcon.colcon_core.shell:Creating package script '/home/student/MovingSignage/ros2_packages/install/ms_launch/share/ms_launch/package.sh'
[2.545s] INFO:colcon.colcon_core.shell:Creating package script '/home/student/MovingSignage/ros2_packages/install/ms_launch/share/ms_launch/package.bash'
[2.548s] INFO:colcon.colcon_core.shell:Creating package script '/home/student/MovingSignage/ros2_packages/install/ms_launch/share/ms_launch/package.zsh'
[2.551s] Level 1:colcon.colcon_core.environment:create_file_with_runtime_dependencies(/home/student/MovingSignage/ros2_packages/install/ms_launch/share/colcon-core/packages/ms_launch)
[2.552s] DEBUG:colcon.colcon_parallel_executor.executor.parallel:closing loop
[2.553s] DEBUG:colcon.colcon_parallel_executor.executor.parallel:loop closed
[2.553s] DEBUG:colcon.colcon_parallel_executor.executor.parallel:run_until_complete finished with '0'
[2.554s] DEBUG:colcon.colcon_core.event_reactor:joining thread
[2.555s] DEBUG:colcon.colcon_core.event_reactor:joined thread
[2.555s] INFO:colcon.colcon_core.shell:Creating prefix script '/home/student/MovingSignage/ros2_packages/install/local_setup.ps1'
[2.559s] INFO:colcon.colcon_core.shell:Creating prefix util module '/home/student/MovingSignage/ros2_packages/install/_local_setup_util_ps1.py'
[2.564s] INFO:colcon.colcon_core.shell:Creating prefix chain script '/home/student/MovingSignage/ros2_packages/install/setup.ps1'
[2.572s] INFO:colcon.colcon_core.shell:Creating prefix script '/home/student/MovingSignage/ros2_packages/install/local_setup.sh'
[2.574s] INFO:colcon.colcon_core.shell:Creating prefix util module '/home/student/MovingSignage/ros2_packages/install/_local_setup_util_sh.py'
[2.577s] INFO:colcon.colcon_core.shell:Creating prefix chain script '/home/student/MovingSignage/ros2_packages/install/setup.sh'
[2.583s] INFO:colcon.colcon_core.shell:Creating prefix script '/home/student/MovingSignage/ros2_packages/install/local_setup.bash'
[2.585s] INFO:colcon.colcon_core.shell:Creating prefix chain script '/home/student/MovingSignage/ros2_packages/install/setup.bash'
[2.590s] INFO:colcon.colcon_core.shell:Creating prefix script '/home/student/MovingSignage/ros2_packages/install/local_setup.zsh'
[2.592s] INFO:colcon.colcon_core.shell:Creating prefix chain script '/home/student/MovingSignage/ros2_packages/install/setup.zsh'
