[1.313s] Invoking command in '/home/student/MovingSignage/ros2_packages/ms_launch': PYTHONPATH=/home/student/MovingSignage/ros2_packages/build/ms_launch/prefix_override:/usr/lib/python3/dist-packages/colcon_core/task/python/colcon_distutils_commands:/home/student/MovingSignage/ros2_packages/install/ms_launch/lib/python3.10/site-packages:${PYTHONPATH} /usr/bin/python3 -W ignore:setup.py install is deprecated -W ignore:easy_install command is deprecated setup.py egg_info --egg-base ../build/ms_launch build --build-base /home/student/MovingSignage/ros2_packages/build/ms_launch/build install --record /home/student/MovingSignage/ros2_packages/build/ms_launch/install.log --single-version-externally-managed install_data
[1.762s] running egg_info
[1.762s] creating ../build/ms_launch/ms_launch.egg-info
[1.763s] writing ../build/ms_launch/ms_launch.egg-info/PKG-INFO
[1.763s] writing dependency_links to ../build/ms_launch/ms_launch.egg-info/dependency_links.txt
[1.763s] writing requirements to ../build/ms_launch/ms_launch.egg-info/requires.txt
[1.764s] writing top-level names to ../build/ms_launch/ms_launch.egg-info/top_level.txt
[1.764s] writing manifest file '../build/ms_launch/ms_launch.egg-info/SOURCES.txt'
[1.765s] reading manifest file '../build/ms_launch/ms_launch.egg-info/SOURCES.txt'
[1.766s] writing manifest file '../build/ms_launch/ms_launch.egg-info/SOURCES.txt'
[1.766s] running build
[1.767s] running install
[1.767s] running install_data
[1.767s] creating /home/student/MovingSignage/ros2_packages/install/ms_launch/share/ament_index
[1.768s] creating /home/student/MovingSignage/ros2_packages/install/ms_launch/share/ament_index/resource_index
[1.768s] creating /home/student/MovingSignage/ros2_packages/install/ms_launch/share/ament_index/resource_index/packages
[1.768s] copying resource/ms_launch -> /home/student/MovingSignage/ros2_packages/install/ms_launch/share/ament_index/resource_index/packages
[1.768s] copying package.xml -> /home/student/MovingSignage/ros2_packages/install/ms_launch/share/ms_launch
[1.769s] creating /home/student/MovingSignage/ros2_packages/install/ms_launch/share/ms_launch/launch
[1.769s] copying launch/micro-ros_megarover_launch.py -> /home/student/MovingSignage/ros2_packages/install/ms_launch/share/ms_launch/launch
[1.769s] copying launch/robot1_all.launch.py -> /home/student/MovingSignage/ros2_packages/install/ms_launch/share/ms_launch/launch
[1.769s] copying launch/__init__.py -> /home/student/MovingSignage/ros2_packages/install/ms_launch/share/ms_launch/launch
[1.770s] copying launch/ricoh-theta_live-streaming_launch.py -> /home/student/MovingSignage/ros2_packages/install/ms_launch/share/ms_launch/launch
[1.770s] running install_egg_info
[1.773s] Copying ../build/ms_launch/ms_launch.egg-info to /home/student/MovingSignage/ros2_packages/install/ms_launch/lib/python3.10/site-packages/ms_launch-0.0.0-py3.10.egg-info
[1.774s] running install_scripts
[1.812s] writing list of installed files to '/home/student/MovingSignage/ros2_packages/build/ms_launch/install.log'
[1.863s] Invoked command in '/home/student/MovingSignage/ros2_packages/ms_launch' returned '0': PYTHONPATH=/home/student/MovingSignage/ros2_packages/build/ms_launch/prefix_override:/usr/lib/python3/dist-packages/colcon_core/task/python/colcon_distutils_commands:/home/student/MovingSignage/ros2_packages/install/ms_launch/lib/python3.10/site-packages:${PYTHONPATH} /usr/bin/python3 -W ignore:setup.py install is deprecated -W ignore:easy_install command is deprecated setup.py egg_info --egg-base ../build/ms_launch build --build-base /home/student/MovingSignage/ros2_packages/build/ms_launch/build install --record /home/student/MovingSignage/ros2_packages/build/ms_launch/install.log --single-version-externally-managed install_data
