/home/student/MovingSignage/ros2_packages/install/ms_robot/lib/python3.10/site-packages/ms_robot/__init__.py
/home/student/MovingSignage/ros2_packages/install/ms_robot/lib/python3.10/site-packages/ms_robot/cbf.py
/home/student/MovingSignage/ros2_packages/install/ms_robot/lib/python3.10/site-packages/ms_robot/graph.py
/home/student/MovingSignage/ros2_packages/install/ms_robot/lib/python3.10/site-packages/ms_robot/ricoh.py
/home/student/MovingSignage/ros2_packages/install/ms_robot/lib/python3.10/site-packages/ms_robot/robot.py
/home/student/MovingSignage/ros2_packages/install/ms_robot/lib/python3.10/site-packages/ms_robot/rover.py
/home/student/MovingSignage/ros2_packages/install/ms_robot/lib/python3.10/site-packages/ms_robot/rplidar_sub.py
/home/student/MovingSignage/ros2_packages/install/ms_robot/lib/python3.10/site-packages/ms_robot/servo.py
/home/student/MovingSignage/ros2_packages/install/ms_robot/lib/python3.10/site-packages/ms_robot/tscf.py
/home/student/MovingSignage/ros2_packages/install/ms_robot/lib/python3.10/site-packages/ms_robot/yolo_sub.py
/home/student/MovingSignage/ros2_packages/install/ms_robot/lib/python3.10/site-packages/ms_robot/__pycache__/__init__.cpython-310.pyc
/home/student/MovingSignage/ros2_packages/install/ms_robot/lib/python3.10/site-packages/ms_robot/__pycache__/cbf.cpython-310.pyc
/home/student/MovingSignage/ros2_packages/install/ms_robot/lib/python3.10/site-packages/ms_robot/__pycache__/graph.cpython-310.pyc
/home/student/MovingSignage/ros2_packages/install/ms_robot/lib/python3.10/site-packages/ms_robot/__pycache__/ricoh.cpython-310.pyc
/home/student/MovingSignage/ros2_packages/install/ms_robot/lib/python3.10/site-packages/ms_robot/__pycache__/robot.cpython-310.pyc
/home/student/MovingSignage/ros2_packages/install/ms_robot/lib/python3.10/site-packages/ms_robot/__pycache__/rover.cpython-310.pyc
/home/student/MovingSignage/ros2_packages/install/ms_robot/lib/python3.10/site-packages/ms_robot/__pycache__/rplidar_sub.cpython-310.pyc
/home/student/MovingSignage/ros2_packages/install/ms_robot/lib/python3.10/site-packages/ms_robot/__pycache__/servo.cpython-310.pyc
/home/student/MovingSignage/ros2_packages/install/ms_robot/lib/python3.10/site-packages/ms_robot/__pycache__/tscf.cpython-310.pyc
/home/student/MovingSignage/ros2_packages/install/ms_robot/lib/python3.10/site-packages/ms_robot/__pycache__/yolo_sub.cpython-310.pyc
/home/student/MovingSignage/ros2_packages/install/ms_robot/share/ament_index/resource_index/packages/ms_robot
/home/student/MovingSignage/ros2_packages/install/ms_robot/share/ms_robot/package.xml
/home/student/MovingSignage/ros2_packages/install/ms_robot/lib/python3.10/site-packages/ms_robot-0.0.0-py3.10.egg-info/SOURCES.txt
/home/student/MovingSignage/ros2_packages/install/ms_robot/lib/python3.10/site-packages/ms_robot-0.0.0-py3.10.egg-info/top_level.txt
/home/student/MovingSignage/ros2_packages/install/ms_robot/lib/python3.10/site-packages/ms_robot-0.0.0-py3.10.egg-info/requires.txt
/home/student/MovingSignage/ros2_packages/install/ms_robot/lib/python3.10/site-packages/ms_robot-0.0.0-py3.10.egg-info/zip-safe
/home/student/MovingSignage/ros2_packages/install/ms_robot/lib/python3.10/site-packages/ms_robot-0.0.0-py3.10.egg-info/entry_points.txt
/home/student/MovingSignage/ros2_packages/install/ms_robot/lib/python3.10/site-packages/ms_robot-0.0.0-py3.10.egg-info/PKG-INFO
/home/student/MovingSignage/ros2_packages/install/ms_robot/lib/python3.10/site-packages/ms_robot-0.0.0-py3.10.egg-info/dependency_links.txt
/home/student/MovingSignage/ros2_packages/install/ms_robot/lib/ms_robot/ms_robot
